[dotenv@17.2.3] injecting env (7) from .env -- tip: ✅ audit secrets and track compliance: https://dotenvx.com/ops
✅ Found FAL_AI_API_KEY: 5c901...
🚀 Starting Fal.ai test...
❌ Test failed: Error: API Request Failed: 404 - <!DOCTYPE html><html lang="en" class="__variable_5e98b6 __variable_31ce7f __variable_2ad14d __variable_054e7a"><head><meta charSet="utf-8"/><meta name="viewport" content="width=device-width, initial-scale=1"/><meta name="viewport" content="width=device-width, initial-scale=1"/><link rel="preload" href="/_next/static/media/8bf7b2ceda89477b-s.p.woff2" as="font" crossorigin="" type="font/woff2"/><link rel="preload" href="/_next/static/media/faf1b085e29b65d5-s.p.woff2" as="font" crossorigin="" type="font/woff2"/><link rel="stylesheet" href="/_next/static/css/5f21abdd7d6a6e30.css" data-precedence="next"/><link rel="stylesheet" href="/_next/static/css/c8c3e2870fbeda45.css" data-precedence="next"/><link rel="preload" as="script" fetchPriority="low" href="/_next/static/chunks/webpack-edc5fc81c44293d4.js"/><script src="/_next/static/chunks/1dd3208c-3f26a02f41fe142c.js" async=""></script><script src="/_next/static/chunks/1528-21237f650b0ef16a.js" async=""></script><script src="/_next/static/chunks/main-app-0e717263cb6b301f.js" async=""></script><script src="/_next/static/chunks/15316-875d73eca3de2dde.js" async=""></script><script src="/_next/static/chunks/16022-f1f5387fce88be95.js" async=""></script><script src="/_next/static/chunks/43123-94280788038569ad.js" async=""></script><script src="/_next/static/chunks/63919-c8919fdf6ed438bd.js" async=""></script><script src="/_next/static/chunks/88146-c2f0dc9d203d2991.js" async=""></script><script src="/_next/static/chunks/30825-acd60fa433dd3c64.js" async=""></script><script src="/_next/static/chunks/87376-277d46f1b5d2cace.js" async=""></script><script src="/_next/static/chunks/12250-e172a6c25bb7ba63.js" async=""></script><script src="/_next/static/chunks/54672-deec20fa7c108add.js" async=""></script><script src="/_next/static/chunks/36454-3194c10fb255bc50.js" async=""></script><script src="/_next/static/chunks/22286-c0dcd6542fba6fad.js" async=""></script><script src="/_next/static/chunks/98693-01ee754c2e528c93.js" async=""></script><script src="/_next/static/chunks/app/not-found-afc4bf81669742b0.js" async=""></script><script src="/_next/static/chunks/cd24890f-f24b9fb981452799.js" async=""></script><script src="/_next/static/chunks/89976-28ad786e922db888.js" async=""></script><script src="/_next/static/chunks/85093-17c781ddecdfccbb.js" async=""></script><script src="/_next/static/chunks/88869-242da88c8215029a.js" async=""></script><script src="/_next/static/chunks/28204-da9bd50804d29ee0.js" async=""></script><script src="/_next/static/chunks/48375-b71994b23d42244d.js" async=""></script><script src="/_next/static/chunks/30142-6417038ee13d1b87.js" async=""></script><script src="/_next/static/chunks/app/layout-07b1461fb3058bef.js" async=""></script><script src="/_next/static/chunks/app/error-775b053e5808947f.js" async=""></script><script async="" src="https://www.googletagmanager.com/gtag/js?id=G-HRNLRXZ833"></script><meta name="robots" content="noindex"/><title>fal.ai</title><meta name="description" content="Generative media platform for developers."/><link rel="shortcut icon" href="/favicon.png"/><link rel="icon" href="/favicon.png"/><link rel="apple-touch-icon" href="/apple-touch-icon.png"/><meta name="next-size-adjust"/><link rel="sitemap" type="application/xml" title="fal.ai sitemap" href="/sitemap.xml"/><meta name="msvalidate.01" content="987496805F82711F23F544ACCFA42B9D"/><script defer="" data-domain="fal.ai" src="https://plausible.io/js/script.tagged-events.js"></script><script>window.plausible = window.plausible || function() { (window.plausible.q = window.plausible.q || []).push(arguments) }</script><script src="/_next/static/chunks/polyfills-42372ed130431b0a.js" noModule=""></script></head><body class="bg-surface-300"><script>window.dataLayer = window.dataLayer || [];
function gtag(){dataLayer.push(arguments);}
gtag('js', new Date());

gtag('config', 'G-HRNLRXZ833');</script><script>!function(){var d=document.documentElement,c=d.classList;c.remove('light','dark');d.style.colorScheme = 'light';c.add('light')}()</script><!--$--><!--/$--><div style="height:40px" class="relative left-0 top-0 flex w-screen items-center justify-center bg-brand-purple-background text-brand-purple-foreground"><a class="layout-announcement-bar text-sm font-bold" href="https://fal.ai/models/fal-ai/nano-banana-pro/edit">Nano Banana 2 is now live! 🍌</a></div><div class="flex min-h-screen w-full flex-col bg-dark-yellow text-white"><svg width="332" height="209" viewBox="0 0 332 209" fill="none" xmlns="http://www.w3.org/2000/svg" class="pointer-events-none absolute -left-[25px] top-[40px] hidden lg:block"><path id="path1" d="M167.01 47.7147L30.3829 158.403L301.547 98.772" stroke="#AB77FF" stroke-width="59.5056" stroke-linecap="round" stroke-linejoin="round"></path><animate xlink:href="#path1" attributeName="stroke-dasharray" from="0, 1000" to="1000, 0" dur="2s" repeatCount="1" begin="2"></animate><path id="path2" d="M42.4192 30.5587L280.114 155.909" stroke="#FFFF00" stroke-width="59.5056" stroke-linecap="round" stroke-linejoin="round"></path><animate xlink:href="#path2" attributeName="stroke-dasharray" from="0, 1000" to="1000, 0" dur="2s" begin="2" repeatCount="1"></animate></svg><svg width="263" height="472" viewBox="0 0 263 472" fill="none" xmlns="http://www.w3.org/2000/svg" class="pointer-events-none absolute right-0 top-[250px] hidden lg:block"><path id="xpath1" d="M204.727 441.572L118.595 187.027" stroke="#AB77FF" stroke-width="59.5056" stroke-linecap="round" stroke-linejoin="round"></path><animate xlink:href="#xpath1" attributeName="stroke-dasharray" from="0, 1000" to="1000, 0" dur="2s" repeatCount="1" begin="1s"></animate><path id="xpath2" d="M368.876 145.251L100.651 161.58" stroke="#FFFF00" stroke-width="59.5056" stroke-linecap="round" stroke-linejoin="round"></path><animate xlink:href="#xpath2" attributeName="stroke-dasharray" from="0, 1000" to="1000, 0" dur="2s" begin="1s" repeatCount="1"></animate></svg><div class="container-fluid mx-auto flex h-full max-w-screen-lg flex-1 flex-col items-center justify-center gap-y-4 bg-dark-yellow"><h2 class="font-heading text-6xl md:text-[300px]">404</h2><p class="font-font-serif text-3xl md:text-5xl">Page not found!</p><a class="mt-8" href="/"><button class="inline-flex items-center justify-center whitespace-nowrap rounded border font-sans font-medium transition-all disabled:pointer-events-none disabled:opacity-50 focus-ring gap-1.5 [&amp;&gt;svg]:stroke-[1.5] [&amp;&gt;svg]:h-6 [&amp;&gt;svg]:w-6 bg-primary-200 dark:bg-primary-300 text-primary-700 hover:bg-primary-300 hover:text-primary-800 border-primary-300 dark:border-primary-400 h-10 px-4">Back to home</button></a></div><div class="footer-container container-full mx-auto mt-10 w-full bg-brand-sky px-4 text-content-strong lg:mt-20"><footer class="flex min-h-[424px] w-full flex-col p-4 font-heading md:flex-row"><div class="mb-6 mr-auto flex w-full max-w-screen-lg flex-col justify-between text-sm"><div class="mb-6 mr-auto grid w-full grid-cols-2 md:grid-cols-4"><div class="mb-6 flex w-full flex-col space-y-2 md:w-auto"><h4 class="mb-5 font-heading font-semibold">Learn More</h4><a href="https://status.fal.ai" target="_blank" rel="noopener noreferrer">Status</a><a href="https://docs.fal.ai" target="_blank" rel="noopener noreferrer">Documentation</a><a href="/pricing">Pricing</a><a href="/enterprise">Enterprise</a><a href="/grants">Grants</a><a href="/learn">Learn</a><a href="/about">About Us</a><a target="_blank" rel="noopener noreferrer" href="/careers">Careers</a><a target="_blank" rel="noopener noreferrer" href="https://blog.fal.ai">Blog</a><a href="/cdn-cgi/l/email-protection#9cefe9ececf3eee8dcfafdf0b2fdf5">Get in touch</a></div><div class="mb-6 flex w-full flex-col space-y-2 md:w-auto"><span class="mb-5 font-heading font-semibold">Models</span><a href="/models/fal-ai/aura-flow">AuraFlow</a><a href="/models/fal-ai/flux/schnell">Flux.1 [schnell]</a><a href="/models/fal-ai/flux/dev">Flux.1 [dev]</a><a href="/models/fal-ai/flux-realism">Flux Realism LoRA</a><a href="/models/fal-ai/flux-lora">Flux LoRA</a><a href="/models">Explore More</a></div><div class="mb-6 flex w-full flex-col space-y-2 md:w-auto"><h4 class="mb-5 font-heading font-semibold">Playgrounds</h4><a href="/models/fal-ai/flux-lora-fast-training">Training</a><a href="/workflows">Workflows</a><a href="/demos">Demos</a></div><div class="mb-6 flex w-full flex-col space-y-2 md:w-auto"><h4 class="mb-5 font-heading font-semibold">Socials</h4><a href="https://discord.gg/fal-ai" target="_blank" rel="noopener noreferrer">Discord</a><a href="https://github.com/fal-ai" target="_blank" rel="noopener noreferrer">GitHub</a><a href="https://www.reddit.com/r/fal/" target="_blank" rel="noopener noreferrer">Reddit</a><a href="https://twitter.com/fal" target="_blank" rel="noopener noreferrer">Twitter</a><a href="https://www.linkedin.com/company/features-and-labels/" target="_blank" rel="noopener noreferrer">Linkedin</a></div></div><div class="my-10 md:mb-0 md:mt-20">features and labels, 2025. All Rights Reserved.<!-- --> <a target="_blank" href="/terms.html" class="underline hover:text-content-strong">Terms of Service</a> <!-- -->and<!-- --> <a target="_blank" href="/privacy.html" class="underline hover:text-content-strong">Privacy Policy</a></div></div><svg viewBox="0 0 120 48" fill="none" xmlns="http://www.w3.org/2000/svg" style="fill:currentColor" class="ml-auto h-full self-end fill-black opacity-30 dark:fill-black md:max-h-[110px] lg:max-h-[254px]"><path d="M120 6.46345V41.6633C120 47.2476 119.937 47.4986 119.248 47.4986H110.724C110.034 47.4986 109.909 47.2476 109.909 41.6633V6.46345C109.909 0.879154 110.034 0.628174 110.724 0.628174H119.248C119.937 0.628174 120 0.879154 120 6.46345Z"></path><path d="M96.0997 27.0431V25.7255C96.0997 22.5882 94.6581 21.3333 92.1509 21.3333C89.7065 21.3333 88.3902 22.651 88.0142 24.9725C87.8888 25.6627 87.9515 26.2274 87.5754 26.2274H79.1138C78.6124 26.2274 78.6124 26.1019 78.6124 25.6627C78.6124 22.3372 81.7463 15.4353 92.6524 15.4353C100.362 15.4353 105.878 18.5098 105.878 27.0431V39.5921C105.878 42.4783 107.445 46.5568 107.445 47.1215C107.445 47.3724 107.257 47.4979 107.068 47.4979H97.6667C97.2279 47.4979 97.1652 47.247 96.8518 45.6783L96.6011 44.4862C96.4131 43.545 96.2877 43.2313 95.9117 43.2313C95.4102 43.2313 95.0968 44.3607 93.7179 45.6783C92.2136 47.0587 90.3959 47.9999 87.262 47.9999C82.185 47.9999 77.6095 45.1136 77.6095 38.8391C77.6095 31.8117 83.0625 28.8 91.1481 28.4862C95.3476 28.298 96.0997 28.7372 96.0997 27.0431ZM96.0997 36.1411V34.8862C96.0997 33.6313 95.7863 33.2548 94.7208 33.3176L92.4017 33.4431C89.4558 33.6313 87.7008 35.1372 87.7008 37.9607C87.7008 40.7215 89.205 42.1019 91.3988 42.1019C93.8433 42.1019 96.0997 39.8431 96.0997 36.1411Z"></path><path d="M60.5509 23.6548C60.5509 22.4627 60.0495 22.3372 57.7304 22.3372H56.6021C56.1634 22.3372 56.1007 22.0234 56.1007 19.4509V19.0117C56.1007 16.4392 56.1634 16.1882 56.6021 16.1882H57.9184C60.2375 16.1882 60.5509 15.9999 60.5509 14.8705V10.9804C60.5509 3.6392 64.2489 0 71.3943 0C74.2148 0 76.1579 0.439212 76.4713 0.627448C76.5966 0.752936 76.5966 0.941172 76.5966 3.26273V4.07842C76.5966 6.46272 76.5966 7.02742 76.4086 7.02742C76.2206 7.02742 75.3431 6.46272 73.8388 6.46272C71.8331 6.46272 70.5795 7.46664 70.5795 10.9804V14.8705C70.5795 15.9999 71.0182 16.1882 73.8388 16.1882H76.6593C77.2234 16.1882 77.2234 16.4392 77.2234 19.0117V19.4509C77.2234 22.0234 77.1607 22.3372 76.722 22.3372H73.8388C71.0182 22.3372 70.5795 22.4627 70.5795 23.6548V41.6626C70.5795 47.2469 70.3914 47.4979 69.89 47.4979H61.1777C60.6762 47.4979 60.5509 47.2469 60.5509 41.6626V23.6548Z"></path><path fill-rule="evenodd" clip-rule="evenodd" d="M30.1574 0.740479C30.9676 0.740479 31.6169 1.39923 31.6944 2.20567C32.3853 9.39891 38.1102 15.1234 45.3039 15.8142C46.1104 15.8917 46.7692 16.541 46.7692 17.3511V30.8959C46.7692 31.706 46.1104 32.3553 45.3039 32.4328C38.1102 33.1236 32.3853 38.8481 31.6944 46.0414C31.6169 46.8478 30.9676 47.5065 30.1574 47.5065H16.6118C15.8016 47.5065 15.1523 46.8478 15.0748 46.0414C14.384 38.8481 8.65901 33.1236 1.46528 32.4328C0.658799 32.3553 0 31.706 0 30.8959V17.3511C0 16.541 0.658803 15.8917 1.46529 15.8142C8.65902 15.1234 14.384 9.39891 15.0748 2.20567C15.1523 1.39923 15.8016 0.740479 16.6118 0.740479H30.1574ZM9.39037 24.0839C9.39037 31.865 15.6915 38.1728 23.4644 38.1728C31.2373 38.1728 37.5385 31.865 37.5385 24.0839C37.5385 16.3028 31.2373 9.99498 23.4644 9.99498C15.6915 9.99498 9.39037 16.3028 9.39037 24.0839Z"></path></svg></footer></div><div class="footer-bar flex h-2 w-full justify-end"><div class="h-full w-[5%] bg-[#AB77FF]"></div><div class="h-full w-[40%] bg-[#99EDFF]"></div><div class="h-full w-[7%] bg-[#AB77FF]"></div><div class="h-full w-[25%] bg-black"></div><div class="h-full w-[10%] bg-[#ADFF00]"></div></div></div><div role="region" aria-label="Notifications (F8)" tabindex="-1" style="pointer-events:none"><ol tabindex="-1" class="fixed top-0 flex max-h-screen w-full flex-col-reverse p-4 sm:bottom-0 sm:right-0 sm:top-auto sm:flex-col md:max-w-[460px] z-[60]"></ol></div><script data-cfasync="false" src="/cdn-cgi/scripts/5c5dd728/cloudflare-static/email-decode.min.js"></script><script src="/_next/static/chunks/webpack-edc5fc81c44293d4.js" async=""></script><script>(self.__next_f=self.__next_f||[]).push([0]);self.__next_f.push([2,null])</script><script>self.__next_f.push([1,"1:HL[\"/_next/static/media/1b0546442c1320de-s.p.woff2\",\"font\",{\"crossOrigin\":\"\",\"type\":\"font/woff2\"}]\n2:HL[\"/_next/static/media/272aa033b2307206-s.p.woff2\",\"font\",{\"crossOrigin\":\"\",\"type\":\"font/woff2\"}]\n3:HL[\"/_next/static/media/7bee5ffca7fa180b-s.p.woff2\",\"font\",{\"crossOrigin\":\"\",\"type\":\"font/woff2\"}]\n4:HL[\"/_next/static/media/7e69aca6b073fa64-s.p.woff2\",\"font\",{\"crossOrigin\":\"\",\"type\":\"font/woff2\"}]\n5:HL[\"/_next/static/media/86a4519c88efbac0-s.p.woff2\",\"font\",{\"crossOrigin\":\"\",\"type\":\"font/woff2\"}]\n6:HL[\"/_next/static/media/8bf7b2ceda89477b-s.p.woff2\",\"font\",{\"crossOrigin\":\"\",\"type\":\"font/woff2\"}]\n7:HL[\"/_next/static/media/faf1b085e29b65d5-s.p.woff2\",\"font\",{\"crossOrigin\":\"\",\"type\":\"font/woff2\"}]\n8:HL[\"/_next/static/css/5f21abdd7d6a6e30.css\",\"style\"]\n9:HL[\"/_next/static/css/c8c3e2870fbeda45.css\",\"style\"]\n"])</script><script>self.__next_f.push([1,"a:I[11815,[],\"\"]\nc:I[5428,[],\"ClientPageRoot\"]\nd:I[70600,[\"15316\",\"static/chunks/15316-875d73eca3de2dde.js\",\"16022\",\"static/chunks/16022-f1f5387fce88be95.js\",\"43123\",\"static/chunks/43123-94280788038569ad.js\",\"63919\",\"static/chunks/63919-c8919fdf6ed438bd.js\",\"88146\",\"static/chunks/88146-c2f0dc9d203d2991.js\",\"30825\",\"static/chunks/30825-acd60fa433dd3c64.js\",\"87376\",\"static/chunks/87376-277d46f1b5d2cace.js\",\"12250\",\"static/chunks/12250-e172a6c25bb7ba63.js\",\"54672\",\"static/chunks/54672-deec20fa7c108add.js\",\"36454\",\"static/chunks/36454-3194c10fb255bc50.js\",\"22286\",\"static/chunks/22286-c0dcd6542fba6fad.js\",\"98693\",\"static/chunks/98693-01ee754c2e528c93.js\",\"29160\",\"static/chunks/app/not-found-afc4bf81669742b0.js\"],\"default\",1]\ne:I[55092,[],\"\"]\nf:I[82023,[],\"\"]\n12:I[91584,[],\"\"]\n13:[]\n0:[\"$\",\"$La\",null,{\"buildId\":\"jvsJVhNFJBw_aN363XhVF\",\"assetPrefix\":\"\",\"urlParts\":[\"\",\"api\",\"v1\",\"async\"],\"initialTree\":[\"\",{\"children\":[\"/_not-found\",{\"children\":[\"__PAGE__\",{}]}]},\"$undefined\",\"$undefined\",true],\"initialSeedData\":[\"\",{\"children\":[\"/_not-found\",{\"children\":[\"__PAGE__\",{},[[\"$Lb\",[\"$\",\"$Lc\",null,{\"props\":{\"params\":{},\"searchParams\":{}},\"Component\":\"$d\"}],null],null],null]},[null,[\"$\",\"$Le\",null,{\"parallelRouterKey\":\"children\",\"segmentPath\":[\"children\",\"/_not-found\",\"children\"],\"error\":\"$undefined\",\"errorStyles\":\"$undefined\",\"errorScripts\":\"$undefined\",\"template\":[\"$\",\"$Lf\",null,{}],\"templateStyles\":\"$undefined\",\"templateScripts\":\"$undefined\",\"notFound\":\"$undefined\",\"notFoundStyles\":\"$undefined\"}]],null]},[[[[\"$\",\"link\",\"0\",{\"rel\":\"stylesheet\",\"href\":\"/_next/static/css/5f21abdd7d6a6e30.css\",\"precedence\":\"next\",\"crossOrigin\":\"$undefined\"}],[\"$\",\"link\",\"1\",{\"rel\":\"stylesheet\",\"href\":\"/_next/static/css/c8c3e2870fbeda45.css\",\"precedence\":\"next\",\"crossOrigin\":\"$undefined\"}]],\"$L10\"],null],null],\"couldBeIntercepted\":false,\"initialHead\":[[\"$\",\"meta\",null,{\"name\":\"robots\",\"content\":\"noindex\"}],\"$L11\"],\"globalErrorComponent\":\"$12\",\"missingSlots\":\"$W13\"}]\n"])</script><script>self.__next_f.push([1,"11:[[\"$\",\"meta\",\"0\",{\"name\":\"viewport\",\"content\":\"width=device-width, initial-scale=1\"}],[\"$\",\"meta\",\"1\",{\"charSet\":\"utf-8\"}],[\"$\",\"title\",\"2\",{\"children\":\"fal.ai\"}],[\"$\",\"meta\",\"3\",{\"name\":\"description\",\"content\":\"Generative media platform for developers.\"}],[\"$\",\"link\",\"4\",{\"rel\":\"shortcut icon\",\"href\":\"/favicon.png\"}],[\"$\",\"link\",\"5\",{\"rel\":\"icon\",\"href\":\"/favicon.png\"}],[\"$\",\"link\",\"6\",{\"rel\":\"apple-touch-icon\",\"href\":\"/apple-touch-icon.png\"}],[\"$\",\"meta\",\"7\",{\"name\":\"next-size-adjust\"}]]\nb:null\n"])</script><script>self.__next_f.push([1,"14:I[38924,[\"37909\",\"static/chunks/cd24890f-f24b9fb981452799.js\",\"15316\",\"static/chunks/15316-875d73eca3de2dde.js\",\"16022\",\"static/chunks/16022-f1f5387fce88be95.js\",\"43123\",\"static/chunks/43123-94280788038569ad.js\",\"88146\",\"static/chunks/88146-c2f0dc9d203d2991.js\",\"30825\",\"static/chunks/30825-acd60fa433dd3c64.js\",\"89976\",\"static/chunks/89976-28ad786e922db888.js\",\"87376\",\"static/chunks/87376-277d46f1b5d2cace.js\",\"85093\",\"static/chunks/85093-17c781ddecdfccbb.js\",\"88869\",\"static/chunks/88869-242da88c8215029a.js\",\"28204\",\"static/chunks/28204-da9bd50804d29ee0.js\",\"48375\",\"static/chunks/48375-b71994b23d42244d.js\",\"30142\",\"static/chunks/30142-6417038ee13d1b87.js\",\"36454\",\"static/chunks/36454-3194c10fb255bc50.js\",\"22286\",\"static/chunks/22286-c0dcd6542fba6fad.js\",\"63185\",\"static/chunks/app/layout-07b1461fb3058bef.js\"],\"NuqsAdapter\"]\n16:I[67702,[\"37909\",\"static/chunks/cd24890f-f24b9fb981452799.js\",\"15316\",\"static/chunks/15316-875d73eca3de2dde.js\",\"16022\",\"static/chunks/16022-f1f5387fce88be95.js\",\"43123\",\"static/chunks/43123-94280788038569ad.js\",\"88146\",\"static/chunks/88146-c2f0dc9d203d2991.js\",\"30825\",\"static/chunks/30825-acd60fa433dd3c64.js\",\"89976\",\"static/chunks/89976-28ad786e922db888.js\",\"87376\",\"static/chunks/87376-277d46f1b5d2cace.js\",\"85093\",\"static/chunks/85093-17c781ddecdfccbb.js\",\"88869\",\"static/chunks/88869-242da88c8215029a.js\",\"28204\",\"static/chunks/28204-da9bd50804d29ee0.js\",\"48375\",\"static/chunks/48375-b71994b23d42244d.js\",\"30142\",\"static/chunks/30142-6417038ee13d1b87.js\",\"36454\",\"static/chunks/36454-3194c10fb255bc50.js\",\"22286\",\"static/chunks/22286-c0dcd6542fba6fad.js\",\"63185\",\"static/chunks/app/layout-07b1461fb3058bef.js\"],\"Analytics\"]\n10:[\"$\",\"html\",null,{\"lang\":\"en\",\"className\":\"__variable_5e98b6 __variable_31ce7f __variable_2ad14d __variable_054e7a\",\"suppressHydrationWarning\":true,\"children\":[[\"$\",\"head\",null,{\"children\":[[\"$\",\"link\",null,{\"rel\":\"sitemap\",\"type\":\"application/xml\",\"title\":\"fal.ai sitemap\",\"href\":\"/sitemap.xml\"}],[\"$\",\"meta\",null,{\"name\":\"viewport\",\"content\":\"width=device-width, initial-sc"])</script><script>self.__next_f.push([1,"ale=1\"}],[[\"$\",\"script\",null,{\"defer\":true,\"data-domain\":\"fal.ai\",\"src\":\"https://plausible.io/js/script.tagged-events.js\"}],[\"$\",\"script\",null,{\"dangerouslySetInnerHTML\":{\"__html\":\"window.plausible = window.plausible || function() { (window.plausible.q = window.plausible.q || []).push(arguments) }\"}}]],[\"$\",\"meta\",null,{\"name\":\"msvalidate.01\",\"content\":\"987496805F82711F23F544ACCFA42B9D\"}]]}],[\"$\",\"body\",null,{\"suppressHydrationWarning\":true,\"className\":\"bg-surface-300\",\"children\":[[[\"$\",\"script\",null,{\"async\":true,\"src\":\"https://www.googletagmanager.com/gtag/js?id=G-HRNLRXZ833\"}],[\"$\",\"script\",null,{\"dangerouslySetInnerHTML\":{\"__html\":\"window.dataLayer = window.dataLayer || [];\\nfunction gtag(){dataLayer.push(arguments);}\\ngtag('js', new Date());\\n\\ngtag('config', 'G-HRNLRXZ833');\"}}]],[\"$\",\"$L14\",null,{\"children\":\"$L15\"}],[\"$\",\"$L16\",null,{}]]}]]}]\n"])</script><script>self.__next_f.push([1,"17:I[21362,[\"37909\",\"static/chunks/cd24890f-f24b9fb981452799.js\",\"15316\",\"static/chunks/15316-875d73eca3de2dde.js\",\"16022\",\"static/chunks/16022-f1f5387fce88be95.js\",\"43123\",\"static/chunks/43123-94280788038569ad.js\",\"88146\",\"static/chunks/88146-c2f0dc9d203d2991.js\",\"30825\",\"static/chunks/30825-acd60fa433dd3c64.js\",\"89976\",\"static/chunks/89976-28ad786e922db888.js\",\"87376\",\"static/chunks/87376-277d46f1b5d2cace.js\",\"85093\",\"static/chunks/85093-17c781ddecdfccbb.js\",\"88869\",\"static/chunks/88869-242da88c8215029a.js\",\"28204\",\"static/chunks/28204-da9bd50804d29ee0.js\",\"48375\",\"static/chunks/48375-b71994b23d42244d.js\",\"30142\",\"static/chunks/30142-6417038ee13d1b87.js\",\"36454\",\"static/chunks/36454-3194c10fb255bc50.js\",\"22286\",\"static/chunks/22286-c0dcd6542fba6fad.js\",\"63185\",\"static/chunks/app/layout-07b1461fb3058bef.js\"],\"UserAuthProvider\"]\n18:I[53366,[\"37909\",\"static/chunks/cd24890f-f24b9fb981452799.js\",\"15316\",\"static/chunks/15316-875d73eca3de2dde.js\",\"16022\",\"static/chunks/16022-f1f5387fce88be95.js\",\"43123\",\"static/chunks/43123-94280788038569ad.js\",\"88146\",\"static/chunks/88146-c2f0dc9d203d2991.js\",\"30825\",\"static/chunks/30825-acd60fa433dd3c64.js\",\"89976\",\"static/chunks/89976-28ad786e922db888.js\",\"87376\",\"static/chunks/87376-277d46f1b5d2cace.js\",\"85093\",\"static/chunks/85093-17c781ddecdfccbb.js\",\"88869\",\"static/chunks/88869-242da88c8215029a.js\",\"28204\",\"static/chunks/28204-da9bd50804d29ee0.js\",\"48375\",\"static/chunks/48375-b71994b23d42244d.js\",\"30142\",\"static/chunks/30142-6417038ee13d1b87.js\",\"36454\",\"static/chunks/36454-3194c10fb255bc50.js\",\"22286\",\"static/chunks/22286-c0dcd6542fba6fad.js\",\"63185\",\"static/chunks/app/layout-07b1461fb3058bef.js\"],\"TimezoneCapture\"]\n19:I[3394,[\"37909\",\"static/chunks/cd24890f-f24b9fb981452799.js\",\"15316\",\"static/chunks/15316-875d73eca3de2dde.js\",\"16022\",\"static/chunks/16022-f1f5387fce88be95.js\",\"43123\",\"static/chunks/43123-94280788038569ad.js\",\"88146\",\"static/chunks/88146-c2f0dc9d203d2991.js\",\"30825\",\"static/chunks/30825-acd60fa433dd3c64.js\",\"89976\",\"static/chunks/89976-28ad786e922db888.js\",\"87"])</script><script>self.__next_f.push([1,"376\",\"static/chunks/87376-277d46f1b5d2cace.js\",\"85093\",\"static/chunks/85093-17c781ddecdfccbb.js\",\"88869\",\"static/chunks/88869-242da88c8215029a.js\",\"28204\",\"static/chunks/28204-da9bd50804d29ee0.js\",\"48375\",\"static/chunks/48375-b71994b23d42244d.js\",\"30142\",\"static/chunks/30142-6417038ee13d1b87.js\",\"36454\",\"static/chunks/36454-3194c10fb255bc50.js\",\"22286\",\"static/chunks/22286-c0dcd6542fba6fad.js\",\"63185\",\"static/chunks/app/layout-07b1461fb3058bef.js\"],\"default\"]\n1a:I[73027,[\"15316\",\"static/chunks/15316-875d73eca3de2dde.js\",\"43123\",\"static/chunks/43123-94280788038569ad.js\",\"88146\",\"static/chunks/88146-c2f0dc9d203d2991.js\",\"87376\",\"static/chunks/87376-277d46f1b5d2cace.js\",\"22286\",\"static/chunks/22286-c0dcd6542fba6fad.js\",\"98693\",\"static/chunks/98693-01ee754c2e528c93.js\",\"97601\",\"static/chunks/app/error-775b053e5808947f.js\"],\"default\"]\n1b:I[70600,[\"15316\",\"static/chunks/15316-875d73eca3de2dde.js\",\"16022\",\"static/chunks/16022-f1f5387fce88be95.js\",\"43123\",\"static/chunks/43123-94280788038569ad.js\",\"63919\",\"static/chunks/63919-c8919fdf6ed438bd.js\",\"88146\",\"static/chunks/88146-c2f0dc9d203d2991.js\",\"30825\",\"static/chunks/30825-acd60fa433dd3c64.js\",\"87376\",\"static/chunks/87376-277d46f1b5d2cace.js\",\"12250\",\"static/chunks/12250-e172a6c25bb7ba63.js\",\"54672\",\"static/chunks/54672-deec20fa7c108add.js\",\"36454\",\"static/chunks/36454-3194c10fb255bc50.js\",\"22286\",\"static/chunks/22286-c0dcd6542fba6fad.js\",\"98693\",\"static/chunks/98693-01ee754c2e528c93.js\",\"29160\",\"static/chunks/app/not-found-afc4bf81669742b0.js\"],\"default\"]\n1c:I[8308,[\"37909\",\"static/chunks/cd24890f-f24b9fb981452799.js\",\"15316\",\"static/chunks/15316-875d73eca3de2dde.js\",\"16022\",\"static/chunks/16022-f1f5387fce88be95.js\",\"43123\",\"static/chunks/43123-94280788038569ad.js\",\"88146\",\"static/chunks/88146-c2f0dc9d203d2991.js\",\"30825\",\"static/chunks/30825-acd60fa433dd3c64.js\",\"89976\",\"static/chunks/89976-28ad786e922db888.js\",\"87376\",\"static/chunks/87376-277d46f1b5d2cace.js\",\"85093\",\"static/chunks/85093-17c781ddecdfccbb.js\",\"88869\",\"static/chunks/88869-242da88c8215029a.js\",\"28204\",\"s"])</script><script>self.__next_f.push([1,"tatic/chunks/28204-da9bd50804d29ee0.js\",\"48375\",\"static/chunks/48375-b71994b23d42244d.js\",\"30142\",\"static/chunks/30142-6417038ee13d1b87.js\",\"36454\",\"static/chunks/36454-3194c10fb255bc50.js\",\"22286\",\"static/chunks/22286-c0dcd6542fba6fad.js\",\"63185\",\"static/chunks/app/layout-07b1461fb3058bef.js\"],\"PlausibleSignupTracker\"]\n15:[\"$\",\"$L17\",null,{\"user\":null,\"children\":[[\"$\",\"$L18\",null,{}],[\"$\",\"$L19\",null,{\"flags\":{\"id\":\"7b903189-a4b2-44bc-a3fa-19e96aa87e61\",\"data\":{\"featureFlags\":{\"model-access-controls\":false,\"sms-mfa-fraud-control\":true,\"sms-mfa-rollout\":false,\"dashboard-getting-started-guide\":true,\"enterprise-dashboard\":false,\"banner\":true},\"featureFlagPayloads\":{\"sms-mfa-fraud-control\":{\"thresholds\":{\"medium\":20,\"high\":40},\"testers\":[\"apek@fal.ai\",\"meder@fal.ai\",\"aykut@fal.ai\"]},\"dashboard-getting-started-guide\":\"$undefined\",\"banner\":{\"text\":\"Nano Banana 2 is now live! 🍌\",\"link\":\"https://fal.ai/models/fal-ai/nano-banana-pro/edit\"}}}},\"timezone\":\"UTC\",\"children\":[\"$\",\"$Le\",null,{\"parallelRouterKey\":\"children\",\"segmentPath\":[\"children\"],\"error\":\"$1a\",\"errorStyles\":[],\"errorScripts\":[],\"template\":[\"$\",\"$Lf\",null,{}],\"templateStyles\":\"$undefined\",\"templateScripts\":\"$undefined\",\"notFound\":[\"$\",\"$L1b\",null,{}],\"notFoundStyles\":[]}]}],[\"$\",\"$L1c\",null,{}]]}]\n"])</script><script>(function(){function c(){var b=a.contentDocument||a.contentWindow.document;if(b){var d=b.createElement('script');d.innerHTML="window.__CF$cv$params={r:'9a2580196e1714e6',t:'MTc2Mzc4MzgyMg=='};var a=document.createElement('script');a.src='/cdn-cgi/challenge-platform/scripts/jsd/main.js';document.getElementsByTagName('head')[0].appendChild(a);";b.getElementsByTagName('head')[0].appendChild(d)}}if(document.body){var a=document.createElement('iframe');a.height=1;a.width=1;a.style.position='absolute';a.style.top=0;a.style.left=0;a.style.border='none';a.style.visibility='hidden';document.body.appendChild(a);if('loading'!==document.readyState)c();else if(window.addEventListener)document.addEventListener('DOMContentLoaded',c);else{var e=document.onreadystatechange||function(){};document.onreadystatechange=function(b){e(b);'loading'!==document.readyState&&(document.onreadystatechange=e,c())}}}})();</script></body></html>
    at testFal (file:///Users/jasonakatiff/video_ad_builder/test_fal.js:39:19)
    at process.processTicksAndRejections (node:internal/process/task_queues:105:5)
